[0m[1mdocker_image.nginx: Refreshing state... [id=sha256:7bc5ba2f958a043e123135f456af857350673b64eaddcf811698239f3a53d6e6nginx:alpine][0m
[0m[1mdocker_container.custom_web: Refreshing state... [id=e3c68aa92e974127ad375499e4e8bcc444afc7618058991b6fab094854067802][0m

Terraform used the selected providers to generate the following execution
plan. Resource actions are indicated with the following symbols:
[31m-[0m/[32m+[0m destroy and then create replacement[0m

Terraform will perform the following actions:

[1m  # docker_container.custom_web[0m is tainted, so must be [1m[31mreplaced[0m
[0m[31m-[0m/[32m+[0m[0m resource "docker_container" "custom_web" {
      [32m+[0m[0m bridge                                      = (known after apply)
      [33m~[0m[0m command                                     = [
          [31m-[0m[0m "nginx",
          [31m-[0m[0m "-g",
          [31m-[0m[0m "daemon off;",
        ] -> (known after apply)
      [32m+[0m[0m container_logs                              = (known after apply)
      [31m-[0m[0m cpu_shares                                  = 0 [90m-> null[0m[0m
      [31m-[0m[0m dns                                         = [] [90m-> null[0m[0m
      [31m-[0m[0m dns_opts                                    = [] [90m-> null[0m[0m
      [31m-[0m[0m dns_search                                  = [] [90m-> null[0m[0m
      [33m~[0m[0m entrypoint                                  = [
          [31m-[0m[0m "/docker-entrypoint.sh",
        ] -> (known after apply)
      [33m~[0m[0m env                                         = [] -> (known after apply)
      [33m~[0m[0m exit_code                                   = 128 -> (known after apply)
      [31m-[0m[0m group_add                                   = [] [90m-> null[0m[0m
      [33m~[0m[0m hostname                                    = "e3c68aa92e97" -> (known after apply)
      [33m~[0m[0m id                                          = "e3c68aa92e974127ad375499e4e8bcc444afc7618058991b6fab094854067802" -> (known after apply)
      [33m~[0m[0m init                                        = false -> (known after apply)
      [33m~[0m[0m ipc_mode                                    = "private" -> (known after apply)
      [33m~[0m[0m log_driver                                  = "json-file" -> (known after apply)
      [31m-[0m[0m log_opts                                    = {} [90m-> null[0m[0m
      [31m-[0m[0m max_retry_count                             = 0 [90m-> null[0m[0m
      [31m-[0m[0m memory                                      = 0 [90m-> null[0m[0m
      [31m-[0m[0m memory_swap                                 = 0 [90m-> null[0m[0m
      [33m~[0m[0m must_run                                    = false [33m->[0m[0m true
        name                                        = "elevate_custom_web"
      [33m~[0m[0m network_data                                = [] -> (known after apply)
      [33m~[0m[0m platform                                    = "linux" -> (known after apply)
      [31m-[0m[0m privileged                                  = false [90m-> null[0m[0m
      [31m-[0m[0m publish_all_ports                           = false [90m-> null[0m[0m
      [33m~[0m[0m runtime                                     = "runc" -> (known after apply)
      [33m~[0m[0m security_opts                               = [] -> (known after apply)
      [33m~[0m[0m shm_size                                    = 64 -> (known after apply)
      [33m~[0m[0m stop_signal                                 = "SIGQUIT" -> (known after apply)
      [33m~[0m[0m stop_timeout                                = 0 -> (known after apply)
      [31m-[0m[0m storage_opts                                = {} [90m-> null[0m[0m
      [31m-[0m[0m sysctls                                     = {} [90m-> null[0m[0m
      [31m-[0m[0m tmpfs                                       = {} [90m-> null[0m[0m
      [31m-[0m[0m working_dir                                 = "/" [90m-> null[0m[0m
        [90m# (19 unchanged attributes hidden)[0m[0m

      [33m~[0m[0m healthcheck (known after apply)

      [33m~[0m[0m labels (known after apply)

      [32m+[0m[0m ports {
          [32m+[0m[0m external = 8081
          [32m+[0m[0m internal = 80
          [32m+[0m[0m ip       = "0.0.0.0"
          [32m+[0m[0m protocol = "tcp"
        }

        [90m# (1 unchanged block hidden)[0m[0m
    }

[1mPlan:[0m [0m1 to add, 0 to change, 1 to destroy.
[0m[1mdocker_container.custom_web: Destroying... [id=e3c68aa92e974127ad375499e4e8bcc444afc7618058991b6fab094854067802][0m[0m
[0m[1mdocker_container.custom_web: Destruction complete after 0s[0m
[0m[1mdocker_container.custom_web: Creating...[0m[0m
[0m[1mdocker_container.custom_web: Creation complete after 0s [id=a79d729854dd2db7221eb37871bfdfc2a10361dbf780c0a71f3f59c1981b7999][0m
[0m[1m[32m
Apply complete! Resources: 1 added, 0 changed, 1 destroyed.[0m
